/nix/store/5c8hb299k0acbypqw6j9m4znyd6b97cz-bash-5.2p37/bin/sh: line 1: timeout: command not found
